

================================================================
== Vivado HLS Report for 'Loop_1_proc421'
================================================================
* Date:           Thu Dec 12 22:34:38 2019

* Version:        2019.2 (Build 2704478 on Wed Nov 06 22:10:23 MST 2019)
* Project:        myproject_prj
* Solution:       solution1
* Product family: zynq
* Target device:  xc7z020-clg400-1


================================================================
== Performance Estimates
================================================================
+ Timing: 
    * Summary: 
    +--------+---------+----------+------------+
    |  Clock |  Target | Estimated| Uncertainty|
    +--------+---------+----------+------------+
    |ap_clk  | 5.00 ns | 4.204 ns |   0.62 ns  |
    +--------+---------+----------+------------+

+ Latency: 
    * Summary: 
    +---------+---------+----------+----------+-------+-------+---------+
    |  Latency (cycles) |  Latency (absolute) |    Interval   | Pipeline|
    |   min   |   max   |    min   |    max   |  min  |  max  |   Type  |
    +---------+---------+----------+----------+-------+-------+---------+
    |    98305|    98305| 0.492 ms | 0.492 ms |  98305|  98305|   none  |
    +---------+---------+----------+----------+-------+-------+---------+

    + Detail: 
        * Instance: 
        N/A

        * Loop: 
        +----------+---------+---------+----------+-----------+-----------+-------+----------+
        |          |  Latency (cycles) | Iteration|  Initiation Interval  |  Trip |          |
        | Loop Name|   min   |   max   |  Latency |  achieved |   target  | Count | Pipelined|
        +----------+---------+---------+----------+-----------+-----------+-------+----------+
        |- Loop 1  |    98304|    98304|         6|          -|          -|  16384|    no    |
        +----------+---------+---------+----------+-----------+-----------+-------+----------+



================================================================
== Utilization Estimates
================================================================
* Summary: 
+-----------------+---------+-------+--------+-------+-----+
|       Name      | BRAM_18K| DSP48E|   FF   |  LUT  | URAM|
+-----------------+---------+-------+--------+-------+-----+
|DSP              |        -|      -|       -|      -|    -|
|Expression       |        -|      -|       0|    303|    -|
|FIFO             |        -|      -|       -|      -|    -|
|Instance         |        -|      -|       -|      -|    -|
|Memory           |        -|      -|       -|      -|    -|
|Multiplexer      |        -|      -|       -|    104|    -|
|Register         |        -|      -|     146|      -|    -|
+-----------------+---------+-------+--------+-------+-----+
|Total            |        0|      0|     146|    407|    0|
+-----------------+---------+-------+--------+-------+-----+
|Available        |      280|    220|  106400|  53200|    0|
+-----------------+---------+-------+--------+-------+-----+
|Utilization (%)  |        0|      0|   ~0   |   ~0  |    0|
+-----------------+---------+-------+--------+-------+-----+

+ Detail: 
    * Instance: 
    N/A

    * DSP48E: 
    N/A

    * Memory: 
    N/A

    * FIFO: 
    N/A

    * Expression: 
    +------------------------+----------+-------+---+----+------------+------------+
    |      Variable Name     | Operation| DSP48E| FF| LUT| Bitwidth P0| Bitwidth P1|
    +------------------------+----------+-------+---+----+------------+------------+
    |i_fu_121_p2             |     +    |      0|  0|  21|          15|           1|
    |sub_ln281_fu_175_p2     |     -    |      0|  0|  15|           8|           9|
    |sub_ln294_fu_277_p2     |     -    |      0|  0|  15|           1|           8|
    |sub_ln461_fu_343_p2     |     -    |      0|  0|  15|           1|           8|
    |and_ln282_fu_309_p2     |    and   |      0|  0|   2|           1|           1|
    |and_ln285_1_fu_264_p2   |    and   |      0|  0|   2|           1|           1|
    |and_ln285_fu_259_p2     |    and   |      0|  0|   2|           1|           1|
    |ap_block_state2         |    and   |      0|  0|   2|           1|           1|
    |icmp_ln17_fu_115_p2     |   icmp   |      0|  0|  13|          15|          16|
    |icmp_ln278_fu_169_p2    |   icmp   |      0|  0|  18|          31|           1|
    |icmp_ln282_fu_181_p2    |   icmp   |      0|  0|  11|           8|           8|
    |icmp_ln284_fu_187_p2    |   icmp   |      0|  0|  13|           9|           1|
    |icmp_ln285_fu_193_p2    |   icmp   |      0|  0|  13|           9|           5|
    |icmp_ln295_fu_292_p2    |   icmp   |      0|  0|  11|           5|           1|
    |lshr_ln286_fu_229_p2    |   lshr   |      0|  0|  69|          24|          24|
    |ap_block_state1         |    or    |      0|  0|   2|           1|           1|
    |or_ln22_fu_209_p2       |    or    |      0|  0|   2|           1|           1|
    |or_ln282_fu_203_p2      |    or    |      0|  0|   2|           1|           1|
    |or_ln284_fu_332_p2      |    or    |      0|  0|   2|           1|           1|
    |select_ln278_fu_298_p3  |  select  |      0|  0|   8|           1|           1|
    |select_ln282_fu_314_p3  |  select  |      0|  0|   8|           1|           8|
    |select_ln284_fu_336_p3  |  select  |      0|  0|   8|           1|           8|
    |select_ln285_fu_269_p3  |  select  |      0|  0|   8|           1|           8|
    |select_ln288_fu_246_p3  |  select  |      0|  0|   2|           1|           2|
    |select_ln295_fu_325_p3  |  select  |      0|  0|   8|           1|           8|
    |tmp_data_0_V_fu_348_p3  |  select  |      0|  0|   8|           1|           8|
    |shl_ln297_fu_321_p2     |    shl   |      0|  0|  19|           8|           8|
    |xor_ln278_fu_304_p2     |    xor   |      0|  0|   2|           1|           2|
    |xor_ln282_fu_254_p2     |    xor   |      0|  0|   2|           1|           2|
    +------------------------+----------+-------+---+----+------------+------------+
    |Total                   |          |      0|  0| 303|         151|         145|
    +------------------------+----------+-------+---+----+------------+------------+

    * Multiplexer: 
    +---------------------------+----+-----------+-----+-----------+
    |            Name           | LUT| Input Size| Bits| Total Bits|
    +---------------------------+----+-----------+-----+-----------+
    |ap_NS_fsm                  |  41|          8|    1|          8|
    |ap_done                    |   9|          2|    1|          2|
    |ap_return                  |   9|          2|    1|          2|
    |i_0_i_reg_104              |   9|          2|   15|         30|
    |in_local_V_data_0_V_blk_n  |   9|          2|    1|          2|
    |in_r_TDATA_blk_n           |   9|          2|    1|          2|
    |is_last_0_i_out_0_reg_93   |   9|          2|    1|          2|
    |real_start                 |   9|          2|    1|          2|
    +---------------------------+----+-----------+-----+-----------+
    |Total                      | 104|         22|   22|         50|
    +---------------------------+----+-----------+-----+-----------+

    * Register: 
    +--------------------------+----+----+-----+-----------+
    |           Name           | FF | LUT| Bits| Const Bits|
    +--------------------------+----+----+-----+-----------+
    |ap_CS_fsm                 |   7|   0|    7|          0|
    |ap_done_reg               |   1|   0|    1|          0|
    |ap_return_preg            |   1|   0|    1|          0|
    |bitcast_ln705_reg_362     |  32|   0|   32|          0|
    |i_0_i_reg_104             |  15|   0|   15|          0|
    |i_reg_357                 |  15|   0|   15|          0|
    |icmp_ln278_reg_379        |   1|   0|    1|          0|
    |icmp_ln282_reg_390        |   1|   0|    1|          0|
    |icmp_ln284_reg_395        |   1|   0|    1|          0|
    |icmp_ln285_reg_401        |   1|   0|    1|          0|
    |icmp_ln295_reg_432        |   1|   0|    1|          0|
    |is_last_0_i_out_0_reg_93  |   1|   0|    1|          0|
    |or_ln22_reg_417           |   1|   0|    1|          0|
    |or_ln282_reg_411          |   1|   0|    1|          0|
    |select_ln282_reg_437      |   8|   0|    8|          0|
    |select_ln284_reg_442      |   8|   0|    8|          0|
    |select_ln285_reg_422      |   8|   0|    8|          0|
    |start_once_reg            |   1|   0|    1|          0|
    |sub_ln281_reg_385         |   9|   0|    9|          0|
    |sub_ln294_reg_427         |   8|   0|    8|          0|
    |tmp_24_reg_368            |   1|   0|    1|          0|
    |tmp_data_0_V_reg_448      |   8|   0|    8|          0|
    |trunc_ln294_reg_406       |   8|   0|    8|          0|
    |trunc_ln296_reg_373       |   8|   0|    8|          0|
    +--------------------------+----+----+-----+-----------+
    |Total                     | 146|   0|  146|          0|
    +--------------------------+----+----+-----+-----------+



================================================================
== Interface
================================================================
* Summary: 
+----------------------------+-----+-----+------------+---------------------+--------------+
|          RTL Ports         | Dir | Bits|  Protocol  |    Source Object    |    C Type    |
+----------------------------+-----+-----+------------+---------------------+--------------+
|ap_clk                      |  in |    1| ap_ctrl_hs |    Loop_1_proc421   | return value |
|ap_rst                      |  in |    1| ap_ctrl_hs |    Loop_1_proc421   | return value |
|ap_start                    |  in |    1| ap_ctrl_hs |    Loop_1_proc421   | return value |
|start_full_n                |  in |    1| ap_ctrl_hs |    Loop_1_proc421   | return value |
|ap_done                     | out |    1| ap_ctrl_hs |    Loop_1_proc421   | return value |
|ap_continue                 |  in |    1| ap_ctrl_hs |    Loop_1_proc421   | return value |
|ap_idle                     | out |    1| ap_ctrl_hs |    Loop_1_proc421   | return value |
|ap_ready                    | out |    1| ap_ctrl_hs |    Loop_1_proc421   | return value |
|start_out                   | out |    1| ap_ctrl_hs |    Loop_1_proc421   | return value |
|start_write                 | out |    1| ap_ctrl_hs |    Loop_1_proc421   | return value |
|ap_return                   | out |    1| ap_ctrl_hs |    Loop_1_proc421   | return value |
|in_r_TLAST                  |  in |    1|    axis    |      in_last_V      |    pointer   |
|in_r_TVALID                 |  in |    1|    axis    |       in_data       |    pointer   |
|in_r_TREADY                 | out |    1|    axis    |       in_data       |    pointer   |
|in_r_TDATA                  |  in |   32|    axis    |       in_data       |    pointer   |
|in_local_V_data_0_V_din     | out |    8|   ap_fifo  | in_local_V_data_0_V |    pointer   |
|in_local_V_data_0_V_full_n  |  in |    1|   ap_fifo  | in_local_V_data_0_V |    pointer   |
|in_local_V_data_0_V_write   | out |    1|   ap_fifo  | in_local_V_data_0_V |    pointer   |
+----------------------------+-----+-----+------------+---------------------+--------------+

